[thecapstoneers.framer.website/index.html]
[backblue.gif]
[fade.gif]
[index.html]
[framerusercontent.com/images/NatDfaVwnTX8S9MLjhIsGyVp8.png]
[framerusercontent.com/images/rR6HYXBrMmX4cRpXfXUOvpvpB0.png]
[framerusercontent.com/images/Ol7Ba0XPpgkc1A85oQsmhjYLhA.png]
[framerusercontent.com/images/J7XaBYf77NPFXUaHK75deYcDg.png]
[framerusercontent.com/images/EGNZlugVhMJXCdZQ2PWViGHkDA.png]
[framerusercontent.com/images/nSUlZo2ORvRP7O1Itnh1KH4Kp8.png]
[framerusercontent.com/images/KZPDngRNJfvB72qRrctdSHmtM.png]
[framerusercontent.com/images/8D8SduQgaPxlNsk7GthMcpiLs8.png]
[framerusercontent.com/images/HqjeRs8dGHA8aJd5LYG734LCZaU.png]
[framerusercontent.com/images/ZjGUTdV6NAC3PVwDJdw6o6U4.png]
[framerusercontent.com/images/OoO5byX6IEYZjRAbKgxK5Oa9vQ.png]
[framerusercontent.com/images/nWqK7rsUXgSZgeCEMDwgISOI8.png]
[framerusercontent.com/images/ZOsbYH4oc3Y6405LEdhggQR2EQ.png]
[framerusercontent.com/images/JQhek8OqYF0reG26KD7YUOwiSfw.png]
[framerusercontent.com/images/DoPWRWNmbfgBOtYzdxLi1n9Z20.png]
[framerusercontent.com/images/swqUrjWOEKCPAJQDrubzPjOb4s.png]
[framerusercontent.com/images/eXYLmxKDPOJS5zI25RY0Y1u3jx0.png]
[framerusercontent.com/images/hVU2Gl4hlYoZd1zwibqhyJia5VA.png]
[framerusercontent.com/images/9ULw8xriQYyyK8U8ztGe7Upgc.png]
[framerusercontent.com/images/dViyFEu58fWA7XggXYUvBu67uLI.png]
[framerusercontent.com/images/zRknGMPKNhhp4OqXJBZdTTFHw84.png]
[framerusercontent.com/images/nYcSSoeGtaNhomOBnf3ATYD5jxo.png]
[framerusercontent.com/images/Zo72ly7lLbaT7fFOOYlkLWjQpCU.png]
[framerusercontent.com/images/EChF2GbsvwHvaKfCUpblc8rRXLs.png]
[thecapstoneers.framer.website/index.html]
