[capstoneers.framer.website/index.html]
[backblue.gif]
[fade.gif]
[index.html]
[framerusercontent.com/sites/icons/default-favicon.v3.png]
[framerusercontent.com/images/rR6HYXBrMmX4cRpXfXUOvpvpB0.png]
[framerusercontent.com/images/3nrmOgHD0xVyThnlsAJaWmedVQo.png]
[framerusercontent.com/images/Gb1thAKj21ufirsvCKhZ3X1XI.png]
[framerusercontent.com/images/VFmkC5NaRBLYhhcffxsPqsxNLs.png]
[framerusercontent.com/images/xQKVbin3Dszi1NTbDKCrOAVWJmA.png]
[framerusercontent.com/images/W91HOyKPw8K30ioNvi88lzjQERM.png]
[framerusercontent.com/images/tIZSh4O3BgpxLznU2N50zpRT9vs.png]
[framerusercontent.com/images/18gn8oos5QDWAv5aJVdGU4o4IA.png]
[framerusercontent.com/images/q9qNA2m61JnZNsG0RwsMLMTEOg.png]
[framerusercontent.com/images/sNMp1ZuOSaS9Hmiot3CSWhu0.png]
[framerusercontent.com/images/UhVaYLG5MsvBHzAqfTCtaJKNZo.png]
[framerusercontent.com/images/aLDz80Wqhgn7r7kNOEWk08I.png]
[framerusercontent.com/images/N6vWZSsXP2Le42pvAceHypgnAak.png]
[framerusercontent.com/images/dalsTb92iy1rJFT6MtqzI6jWx4.png]
[framerusercontent.com/images/Ug6ij8awQ9INYfN6FvmoLj0lCo.png]
[framerusercontent.com/images/Bq5DCuaCuQsQLnYlmEcKzqwRAvQ.png]
[capstoneers.framer.website/index.html]
